<html>
<body>
<pre>
<h1>µVision Build Log</h1>
<h2>Project:</h2>
E:\Keil\ValvanoWareTM4C123\Lab3\ADCSWTrigger.uvproj
Project File Date:  09/13/2016

<h2>Output:</h2>
Rebuild target 'ADCSWTrigger'
assembling startup.s...
compiling PLL.c...
compiling ST7735.c...
compiling AlarmMain.c...
compiling SpeakerDriver.c...
compiling LCDAlarm.c...
compiling alarmSwitch.c...
compiling alarmTimer.c...
linking...
Program Size: Code=3376 RO-data=3492 RW-data=44 ZI-data=1148  
".\ADCSWTrigger.axf" - 0 Error(s), 0 Warning(s).
</pre>
</body>
</html>
.
Program Size: Code=3376 RO-data=3492 RW-data=44 ZI-data=1148  
".\ADCSWTrigger.axf" - 0 Error(s), 1 Warning(s).
le ends without a newline
  void LCDAlarmInit(void);
LCDAlarm.c: 1 warning, 0 errors
compiling alarmSwitch.c...
compiling alarmTimer.c...
linking...
Program Size: Code=3376 RO-data=3492 RW-data=44 ZI-data=1148  
".\ADCSWTrigger.axf" - 0 Error(s), 3 Warning(s).
Load "E:\\Keil\\ValvanoWareTM4C123\\Lab3\\ADCSWTrigger.axf" 
Connecting: Mode=JTAG, Speed=1000000Hz
Erase Done.
Programming Done.
Verify OK.
Load "E:\\Keil\\ValvanoWareTM4C123\\Lab3\\ADCSWTrigger.axf" 
Connecting: Mode=JTAG, Speed=1000000Hz
Erase Done.
Programming Done.
Verify OK.
;
LCDAlarm.c: 1 warning, 0 errors
compiling alarmSwitch.c...
compiling alarmTimer.c...
linking...
Program Size: Code=3380 RO-data=3492 RW-data=44 ZI-data=1148  
".\ADCSWTrigger.axf" - 0 Error(s), 6 Warning(s).
has been cancelled
Load "E:\\Keil\\ValvanoWareTM4C123\\Lab3\\ADCSWTrigger.axf" 
Connecting: Mode=JTAG, Speed=1000000Hz
Erase Done.
Programming Done.
Verify OK.
Load "E:\\Keil\\ValvanoWareTM4C123\\Lab3\\ADCSWTrigger.axf" 
Connecting: Mode=JTAG, Speed=1000000Hz
Erase Done.
Programming Done.
Verify OK.
olor);
ST7735.h(163): error:  #20: identifier "int16_t" is undefined
  void ST7735_DrawFastHLine(int16_t x, int16_t y, int16_t w, uint16_t color);
ST7735.h(163): error:  #20: identifier "int16_t" is undefined
  void ST7735_DrawFastHLine(int16_t x, int16_t y, int16_t w, uint16_t color);
ST7735.h(163): error:  #20: identifier "uint16_t" is undefined
  void ST7735_DrawFastHLine(int16_t x, int16_t y, int16_t w, uint16_t color);
ST7735.h(171): error:  #20: identifier "uint16_t" is undefined
  void ST7735_FillScreen(uint16_t color);
ST7735.h(183): error:  #20: identifier "int16_t" is undefined
  void ST7735_FillRect(int16_t x, int16_t y, int16_t w, int16_t h, uint16_t color);
ST7735.h(183): error:  #20: identifier "int16_t" is undefined
  void ST7735_FillRect(int16_t x, int16_t y, int16_t w, int16_t h, uint16_t color);
ST7735.h(183): error:  #20: identifier "int16_t" is undefined
  void ST7735_FillRect(int16_t x, int16_t y, int16_t w, int16_t h, uint16_t color);
ST7735.h(183): error:  #20: identifier "int16_t" is undefined
  void ST7735_FillRect(int16_t x, int16_t y, int16_t w, int16_t h, uint16_t color);
ST7735.h(183): error:  #20: identifier "uint16_t" is undefined
  void ST7735_FillRect(int16_t x, int16_t y, int16_t w, int16_t h, uint16_t color);
ST7735.h(192): error:  #20: identifier "uint16_t" is undefined
  uint16_t ST7735_Color565(uint8_t r, uint8_t g, uint8_t b);
ST7735.h(192): error:  #20: identifier "uint8_t" is undefined
  uint16_t ST7735_Color565(uint8_t r, uint8_t g, uint8_t b);
ST7735.h(192): error:  #20: identifier "uint8_t" is undefined
  uint16_t ST7735_Color565(uint8_t r, uint8_t g, uint8_t b);
ST7735.h(192): error:  #20: identifier "uint8_t" is undefined
  uint16_t ST7735_Color565(uint8_t r, uint8_t g, uint8_t b);
ST7735.h(199): error:  #20: identifier "uint16_t" is undefined
  uint16_t ST7735_SwapColor(uint16_t x) ;
ST7735.h(199): error:  #20: identifier "uint16_t" is undefined
  uint16_t ST7735_SwapColor(uint16_t x) ;
ST7735.h(221): error:  #20: identifier "int16_t" is undefined
  void ST7735_DrawBitmap(int16_t x, int16_t y, const uint16_t *image, int16_t w, int16_t h);
ST7735.h(221): error:  #20: identifier "int16_t" is undefined
  void ST7735_DrawBitmap(int16_t x, int16_t y, const uint16_t *image, int16_t w, int16_t h);
ST7735.h(221): error:  #20: identifier "uint16_t" is undefined
  void ST7735_DrawBitmap(int16_t x, int16_t y, const uint16_t *image, int16_t w, int16_t h);
ST7735.h(221): error:  #20: identifier "int16_t" is undefined
  void ST7735_DrawBitmap(int16_t x, int16_t y, const uint16_t *image, int16_t w, int16_t h);
ST7735.h(221): error:  #20: identifier "int16_t" is undefined
  void ST7735_DrawBitmap(int16_t x, int16_t y, const uint16_t *image, int16_t w, int16_t h);
ST7735.h(238): error:  #20: identifier "int16_t" is undefined
  void ST7735_DrawCharS(int16_t x, int16_t y, char c, int16_t textColor, int16_t bgColor, uint8_t size);
ST7735.h(238): error:  #20: identifier "int16_t" is undefined
  void ST7735_DrawCharS(int16_t x, int16_t y, char c, int16_t textColor, int16_t bgColor, uint8_t size);
LCDAlarm.c: 1 warning, 30 errors
compiling alarmSwitch.c...
alarmSwitch.h(3): warning:  #1-D: last line of file ends without a newline
  void alarmSwitchInit(void);
alarmSwitch.c(6): warning:  #1-D: last line of file ends without a newline
  }
alarmSwitch.c: 2 warnings, 0 errors
compiling alarmTimer.c...
alarmTimer.h(3): warning:  #1-D: last line of file ends without a newline
  void alarmTimerInit(void);
alarmTimer.c(5): warning:  #1-D: last line of file ends without a newline
  }
alarmTimer.c: 2 warnings, 0 errors
".\ADCSWTrigger.axf" - 30 Error(s), 7 Warning(s).
Target not created
